513520.SH 日经225: ReadTimeout(ReadTimeoutError("HTTPSConnectionPool(host='push2his.eastmoney.com', port=443): Read timed out. (read timeout=35)"))
513100.SH 纳指: ReadTimeout(ReadTimeoutError("HTTPSConnectionPool(host='push2his.eastmoney.com', port=443): Read timed out. (read timeout=35)"))
588000.SH 科创50: ReadTimeout(ReadTimeoutError("HTTPSConnectionPool(host='push2his.eastmoney.com', port=443): Read timed out. (read timeout=35)"))
159949.SZ 创业板50: ReadTimeout(ReadTimeoutError("HTTPSConnectionPool(host='push2his.eastmoney.com', port=443): Read timed out. (read timeout=35)"))
159338.SZ 中证A500: ReadTimeout(ReadTimeoutError("HTTPSConnectionPool(host='push2his.eastmoney.com', port=443): Read timed out. (read timeout=35)"))
563300.SH 中证2000: ReadTimeout(ReadTimeoutError("HTTPSConnectionPool(host='push2his.eastmoney.com', port=443): Read timed out. (read timeout=35)"))
164824.SZ 印度: ReadTimeout(ReadTimeoutError("HTTPSConnectionPool(host='push2his.eastmoney.com', port=443): Read timed out. (read timeout=35)"))
513030.SH 德国: ReadTimeout(ReadTimeoutError("HTTPSConnectionPool(host='push2his.eastmoney.com', port=443): Read timed out. (read timeout=35)"))
520830.SH 沙特: ReadTimeout(ReadTimeoutError("HTTPSConnectionPool(host='push2his.eastmoney.com', port=443): Read timed out. (read timeout=35)"))
511380.SH 可转债: ReadTimeout(ReadTimeoutError("HTTPSConnectionPool(host='push2his.eastmoney.com', port=443): Read timed out. (read timeout=35)"))
159985.SZ 豆粕: ReadTimeout(ReadTimeoutError("HTTPSConnectionPool(host='push2his.eastmoney.com', port=443): Read timed out. (read timeout=35)"))
162411.SZ 华宝油气: ReadTimeout(ReadTimeoutError("HTTPSConnectionPool(host='push2his.eastmoney.com', port=443): Read timed out. (read timeout=35)"))
518880.SH 黄金: ReadTimeout(ReadTimeoutError("HTTPSConnectionPool(host='push2his.eastmoney.com', port=443): Read timed out. (read timeout=35)"))
512890.SH 红利低波: ReadTimeout(ReadTimeoutError("HTTPSConnectionPool(host='push2his.eastmoney.com', port=443): Read timed out. (read timeout=35)"))
513050.SH 中概互联网: ReadTimeout(ReadTimeoutError("HTTPSConnectionPool(host='push2his.eastmoney.com', port=443): Read timed out. (read timeout=35)"))
000688.SH 科创50: ReadTimeout(ReadTimeoutError("HTTPSConnectionPool(host='push2his.eastmoney.com', port=443): Read timed out. (read timeout=35)"))
399006.SZ 创业板: ReadTimeout(ReadTimeoutError("HTTPSConnectionPool(host='push2his.eastmoney.com', port=443): Read timed out. (read timeout=35)"))
000905.SH 中证500: ReadTimeout(ReadTimeoutError("HTTPSConnectionPool(host='push2his.eastmoney.com', port=443): Read timed out. (read timeout=35)"))
399330.SZ 深证100: ReadTimeout(ReadTimeoutError("HTTPSConnectionPool(host='push2his.eastmoney.com', port=443): Read timed out. (read timeout=35)"))
000852.SH 中证1000: ReadTimeout(ReadTimeoutError("HTTPSConnectionPool(host='push2his.eastmoney.com', port=443): Read timed out. (read timeout=35)"))
000016.SH 上证50: ReadTimeout(ReadTimeoutError("HTTPSConnectionPool(host='push2his.eastmoney.com', port=443): Read timed out. (read timeout=35)"))
000300.SH 沪深300: ReadTimeout(ReadTimeoutError("HTTPSConnectionPool(host='push2his.eastmoney.com', port=443): Read timed out. (read timeout=35)"))
932000.CSI 中证2000: ReadTimeout(ReadTimeoutError("HTTPSConnectionPool(host='push2his.eastmoney.com', port=443): Read timed out. (read timeout=35)"))
